action_log
activate_window
activity
ask_human
browser_click
browser_element
browser_eval
browser_goto
browser_open
browser_tabs
browser_text
browser_type
browser_wait_for
check_errors
close_window
desktop_state
fill_form
find_text
fullscreen_window
get_active_window
get_audio_state
get_clipboard
get_desktop_info
get_mouse_position
get_pixel_color
get_recording_status
get_screen_info
install_packages
is_running
job_abort
job_list
job_output
job_start
job_status
job_wait
key_combo
kill_process
launch_app
list_commands
list_desktops
list_directory
list_installed_apps
list_processes
list_recordings
list_restreams
list_windows
maximize_window
minimize_window
mouse_click
mouse_down
mouse_drag
mouse_move
mouse_scroll
mouse_up
move_window
open_app_and_wait
read_file
read_screen_text
release_control
remote_close
remote_list
remote_open
remote_profile_delete
remote_profile_list
remote_profile_save
remove_packages
request_control
resize_window
restore_window
room_state
run_command
screenshot
screenshot_region
search_packages
secret_list
service_control
set_clipboard
set_resolution
set_volume
set_window_desktop
shell_close
shell_exec
shell_input
shell_list
shell_open
shell_read
sleep
snapshot_create
snapshot_delete
snapshot_list
snapshot_restore
ssh_connect
ssh_copy_id
ssh_disconnect
ssh_download
ssh_exec
ssh_keygen
ssh_list
ssh_list_remote
ssh_tunnel_close
ssh_tunnel_local
ssh_tunnel_remote
ssh_tunnels
ssh_upload
start_recording
start_restream
stop_recording
stop_restream
subscribe_events
sudo_status
switch_desktop
system_updates
terminal_open
terminal_read
terminal_run
tool_search
type_text
ui_at_point
ui_click
ui_diff
ui_find
ui_focus
ui_get_text
ui_set_text
ui_tree
ui_wait_for
unsubscribe_events
wait
wait_for_idle
wait_for_window
window_hierarchy
window_properties
window_set_state
write_file
